1.1+1|{rgb:3e3e3e+f}│
1.5+1|{rgb:3e3e3e+f}│
1.9+1|{rgb:3e3e3e+f}│
2.1,2.9|{rgb:3e3e3e+f}├───┼───┤
3.1+1|{rgb:3e3e3e+f}│
3.5+1|{rgb:3e3e3e+f}│
3.9+1|{rgb:3e3e3e+f}│
5.1+1|{rgb:3e3e3e+f}│
5.12+1|{rgb:3e3e3e+f}│
5.24+1|{rgb:3e3e3e+f}│
5.2,5.11| {+b}bold{}     
5.13,5.23| {blue+fu@Default} link{}    
6.1,6.24|{rgb:3e3e3e+f}├ ──────── ┼ ───────── ┤
7.1+1|{rgb:3e3e3e+f}│
7.5+1|{rgb:3e3e3e+f}│
7.9+1|{rgb:3e3e3e+f}│
